// Jest Snapshot v1, https://goo.gl/fbAQLP

exports[`<NoFavouriteNotes /> Component NoFavouriteNotes should match with snapshot 1`] = `
<View
  style={
    Object {
      "backgroundColor": "#457B9D",
      "borderRadius": 5,
      "flex": 1,
      "justifyContent": "center",
      "padding": 10,
    }
  }
>
  <View
    collapsable={undefined}
    style={
      Object {
        "alignItems": "center",
        "marginBottom": 10,
        "transform": Array [
          Object {
            "scale": 1,
          },
        ],
      }
    }
  >
    <Text
      accessible={true}
      allowFontScaling={false}
      ellipsizeMode="tail"
      style={
        Array [
          Object {
            "color": "#FDE74C",
            "fontSize": 50,
          },
          undefined,
          Object {
            "fontFamily": "Ionicons",
            "fontStyle": "normal",
            "fontWeight": "normal",
          },
        ]
      }
    >
      
    </Text>
  </View>
  <View
    style={
      Object {
        "marginBottom": 40,
      }
    }
  >
    <Text
      accessible={true}
      allowFontScaling={true}
      ellipsizeMode="tail"
      style={
        Object {
          "backgroundColor": "transparent",
          "color": "#F1FAEE",
          "fontFamily": "Roboto-Bold",
          "fontSize": 24,
          "textAlign": "center",
        }
      }
    >
      You have no favourite notes..yet...
    </Text>
  </View>
  <View
    style={
      Object {
        "marginBottom": 20,
      }
    }
  >
    <Text
      accessible={true}
      allowFontScaling={true}
      ellipsizeMode="tail"
      style={
        Object {
          "backgroundColor": "transparent",
          "color": "#F1FAEE",
          "fontFamily": "Roboto-Regular",
          "fontSize": 18,
          "textAlign": "center",
        }
      }
    >
      Add your first one swiping your note from left to right and tapping on the 
      <Text
        accessible={true}
        allowFontScaling={false}
        ellipsizeMode="tail"
        style={
          Array [
            Object {
              "color": "#FDE74C",
              "fontSize": 16,
            },
            undefined,
            Object {
              "fontFamily": "Ionicons",
              "fontStyle": "normal",
              "fontWeight": "normal",
            },
          ]
        }
      >
        
      </Text>
    </Text>
  </View>
</View>
`;
