// Jest Snapshot v1, https://goo.gl/fbAQLP

exports[`<NoteItem /> Component NoteItem should match with snapshot 1`] = `
<View
  style={
    Array [
      Object {
        "backgroundColor": "#dbddde",
        "overflow": "hidden",
      },
      Object {
        "backgroundColor": "transparent",
        "marginBottom": 10,
      },
    ]
  }
>
  <View
    onLayout={[Function]}
    onMoveShouldSetResponder={[Function]}
    onMoveShouldSetResponderCapture={[Function]}
    onResponderEnd={[Function]}
    onResponderGrant={[Function]}
    onResponderMove={[Function]}
    onResponderReject={[Function]}
    onResponderRelease={[Function]}
    onResponderStart={[Function]}
    onResponderTerminate={[Function]}
    onResponderTerminationRequest={[Function]}
    onStartShouldSetResponder={[Function]}
    onStartShouldSetResponderCapture={[Function]}
    style={
      Array [
        Object {},
        Object {
          "left": 0,
        },
      ]
    }
  >
    <View
      collapsable={undefined}
      style={
        Object {
          "backgroundColor": "#A8DADC",
          "borderRadius": 10,
          "opacity": 1,
          "padding": 10,
          "transform": Array [
            Object {
              "scale": 1,
            },
            Object {
              "perspective": 1000,
            },
            Object {
              "rotateY": "0deg",
            },
          ],
        }
      }
    >
      <View
        style={
          Object {
            "flex": 1,
            "marginBottom": 5,
          }
        }
      >
        <Text
          accessible={true}
          allowFontScaling={true}
          ellipsizeMode="tail"
          style={
            Object {
              "color": "#211A1E",
              "fontFamily": "Roboto-Regular",
            }
          }
        >
          Awesome text
        </Text>
      </View>
      <View
        style={
          Object {
            "height": 10,
          }
        }
      >
        <Text
          accessible={true}
          allowFontScaling={true}
          ellipsizeMode="tail"
          style={
            Object {
              "color": "#457B9D",
              "fontFamily": "Roboto-Thin",
              "fontSize": 10,
              "textAlign": "right",
            }
          }
        >
          20/1/1989
        </Text>
      </View>
    </View>
  </View>
  <View />
  <View />
</View>
`;
