// Jest Snapshot v1, https://goo.gl/fbAQLP

exports[`<NotesList /> Component NotesList should match with snapshot 1`] = `
<View
  style={
    Object {
      "flex": 1,
    }
  }
>
  <RCTScrollView
    data={
      Array [
        Object {
          "createdAt": 1989-01-19T23:00:00.000Z,
          "favourite": false,
          "id": "awesomeId",
          "text": "Awesome text",
        },
      ]
    }
    disableVirtualization={false}
    getItem={[Function]}
    getItemCount={[Function]}
    horizontal={false}
    initialNumToRender={10}
    keyExtractor={[Function]}
    maxToRenderPerBatch={10}
    onContentSizeChange={[Function]}
    onEndReachedThreshold={2}
    onLayout={[Function]}
    onMomentumScrollEnd={[Function]}
    onScroll={[Function]}
    onScrollBeginDrag={[Function]}
    onScrollEndDrag={[Function]}
    renderItem={[Function]}
    scrollEventThrottle={50}
    shouldItemUpdate={[Function]}
    showsVerticalScrollIndicator={false}
    stickyHeaderIndices={Array []}
    updateCellsBatchingPeriod={50}
    windowSize={10}
  >
    <View>
      <View
        onLayout={[Function]}
        style={null}
      >
        <View
          style={
            Array [
              Object {
                "backgroundColor": "#dbddde",
                "overflow": "hidden",
              },
              Object {
                "backgroundColor": "transparent",
                "marginBottom": 10,
              },
            ]
          }
        >
          <View
            onLayout={[Function]}
            onMoveShouldSetResponder={[Function]}
            onMoveShouldSetResponderCapture={[Function]}
            onResponderEnd={[Function]}
            onResponderGrant={[Function]}
            onResponderMove={[Function]}
            onResponderReject={[Function]}
            onResponderRelease={[Function]}
            onResponderStart={[Function]}
            onResponderTerminate={[Function]}
            onResponderTerminationRequest={[Function]}
            onStartShouldSetResponder={[Function]}
            onStartShouldSetResponderCapture={[Function]}
            style={
              Array [
                Object {},
                Object {
                  "left": 0,
                },
              ]
            }
          >
            <View
              collapsable={undefined}
              style={
                Object {
                  "backgroundColor": "#A8DADC",
                  "borderRadius": 10,
                  "opacity": 1,
                  "padding": 10,
                  "transform": Array [
                    Object {
                      "scale": 1,
                    },
                    Object {
                      "perspective": 1000,
                    },
                    Object {
                      "rotateY": "0deg",
                    },
                  ],
                }
              }
            >
              <View
                style={
                  Object {
                    "flex": 1,
                    "marginBottom": 5,
                  }
                }
              >
                <Text
                  accessible={true}
                  allowFontScaling={true}
                  ellipsizeMode="tail"
                  style={
                    Object {
                      "color": "#211A1E",
                      "fontFamily": "Roboto-Regular",
                    }
                  }
                >
                  Awesome text
                </Text>
              </View>
              <View
                style={
                  Object {
                    "height": 10,
                  }
                }
              >
                <Text
                  accessible={true}
                  allowFontScaling={true}
                  ellipsizeMode="tail"
                  style={
                    Object {
                      "color": "#457B9D",
                      "fontFamily": "Roboto-Thin",
                      "fontSize": 10,
                      "textAlign": "right",
                    }
                  }
                >
                  20/1/1989
                </Text>
              </View>
            </View>
          </View>
          <View />
          <View />
        </View>
      </View>
    </View>
  </RCTScrollView>
</View>
`;
